// Jest Snapshot v1, https://goo.gl/fbAQLP

exports[`tests in <BlanckPage /> should match with its own snapshot 1`] = `<div />`;
