// Jest Snapshot v1, https://goo.gl/fbAQLP

exports[`test in <Header/> should match with the snapshot 1`] = `
{
  "asFragment": [Function],
  "baseElement": <body>
    <div>
      <header
        class="d-flex px-5 pt-4 justify-content-between align-items-center"
      >
        <h1
          class="display-1"
        >
          Weather
          <span
            class="text-muted"
          >
            App
          </span>
        </h1>
        <div
          class="form-check form-switch"
        >
          <input
            class="form-check-input"
            id="flexSwitchCheckDefault"
            role="switch"
            type="checkbox"
          />
          <label
            class="form-check-label"
            for="flexSwitchCheckDefault"
          >
            <svg
              aria-hidden="true"
              class="svg-inline--fa fa-circle-half-stroke "
              data-icon="circle-half-stroke"
              data-prefix="fas"
              focusable="false"
              role="img"
              viewBox="0 0 512 512"
              xmlns="http://www.w3.org/2000/svg"
            >
              <path
                d="M448 256c0-106-86-192-192-192V448c106 0 192-86 192-192zm64 0c0 141.4-114.6 256-256 256S0 397.4 0 256S114.6 0 256 0S512 114.6 512 256z"
                fill="currentColor"
              />
            </svg>
          </label>
        </div>
      </header>
    </div>
    <div>
      <header
        class="d-flex px-5 pt-4 justify-content-between align-items-center"
      >
        <h1
          class="display-1"
        >
          Weather
          <span
            class="text-muted"
          >
            App
          </span>
        </h1>
        <div
          class="form-check form-switch"
        >
          <input
            class="form-check-input"
            id="flexSwitchCheckDefault"
            role="switch"
            type="checkbox"
          />
          <label
            class="form-check-label"
            for="flexSwitchCheckDefault"
          >
            <svg
              aria-hidden="true"
              class="svg-inline--fa fa-circle-half-stroke "
              data-icon="circle-half-stroke"
              data-prefix="fas"
              focusable="false"
              role="img"
              viewBox="0 0 512 512"
              xmlns="http://www.w3.org/2000/svg"
            >
              <path
                d="M448 256c0-106-86-192-192-192V448c106 0 192-86 192-192zm64 0c0 141.4-114.6 256-256 256S0 397.4 0 256S114.6 0 256 0S512 114.6 512 256z"
                fill="currentColor"
              />
            </svg>
          </label>
        </div>
      </header>
    </div>
  </body>,
  "container": <div>
    <header
      class="d-flex px-5 pt-4 justify-content-between align-items-center"
    >
      <h1
        class="display-1"
      >
        Weather
        <span
          class="text-muted"
        >
          App
        </span>
      </h1>
      <div
        class="form-check form-switch"
      >
        <input
          class="form-check-input"
          id="flexSwitchCheckDefault"
          role="switch"
          type="checkbox"
        />
        <label
          class="form-check-label"
          for="flexSwitchCheckDefault"
        >
          <svg
            aria-hidden="true"
            class="svg-inline--fa fa-circle-half-stroke "
            data-icon="circle-half-stroke"
            data-prefix="fas"
            focusable="false"
            role="img"
            viewBox="0 0 512 512"
            xmlns="http://www.w3.org/2000/svg"
          >
            <path
              d="M448 256c0-106-86-192-192-192V448c106 0 192-86 192-192zm64 0c0 141.4-114.6 256-256 256S0 397.4 0 256S114.6 0 256 0S512 114.6 512 256z"
              fill="currentColor"
            />
          </svg>
        </label>
      </div>
    </header>
  </div>,
  "debug": [Function],
  "findAllByAltText": [Function],
  "findAllByDisplayValue": [Function],
  "findAllByLabelText": [Function],
  "findAllByPlaceholderText": [Function],
  "findAllByRole": [Function],
  "findAllByTestId": [Function],
  "findAllByText": [Function],
  "findAllByTitle": [Function],
  "findByAltText": [Function],
  "findByDisplayValue": [Function],
  "findByLabelText": [Function],
  "findByPlaceholderText": [Function],
  "findByRole": [Function],
  "findByTestId": [Function],
  "findByText": [Function],
  "findByTitle": [Function],
  "getAllByAltText": [Function],
  "getAllByDisplayValue": [Function],
  "getAllByLabelText": [Function],
  "getAllByPlaceholderText": [Function],
  "getAllByRole": [Function],
  "getAllByTestId": [Function],
  "getAllByText": [Function],
  "getAllByTitle": [Function],
  "getByAltText": [Function],
  "getByDisplayValue": [Function],
  "getByLabelText": [Function],
  "getByPlaceholderText": [Function],
  "getByRole": [Function],
  "getByTestId": [Function],
  "getByText": [Function],
  "getByTitle": [Function],
  "queryAllByAltText": [Function],
  "queryAllByDisplayValue": [Function],
  "queryAllByLabelText": [Function],
  "queryAllByPlaceholderText": [Function],
  "queryAllByRole": [Function],
  "queryAllByTestId": [Function],
  "queryAllByText": [Function],
  "queryAllByTitle": [Function],
  "queryByAltText": [Function],
  "queryByDisplayValue": [Function],
  "queryByLabelText": [Function],
  "queryByPlaceholderText": [Function],
  "queryByRole": [Function],
  "queryByTestId": [Function],
  "queryByText": [Function],
  "queryByTitle": [Function],
  "rerender": [Function],
  "unmount": [Function],
}
`;
